\BOOKMARK [0][-]{chapter*.1}{\376\377\000A\000b\000s\000t\000r\000a\000c\000t}{}% 1
\BOOKMARK [0][-]{chapter*.3}{\376\377\000L\000i\000s\000t\000\040\000o\000f\000\040\000T\000a\000b\000l\000e\000s}{}% 2
\BOOKMARK [0][-]{chapter*.4}{\376\377\000L\000i\000s\000t\000\040\000o\000f\000\040\000F\000i\000g\000u\000r\000e\000s}{}% 3
\BOOKMARK [0][-]{chapter.1}{\376\377\000I\000n\000t\000r\000o\000d\000u\000c\000t\000i\000o\000n}{}% 4
\BOOKMARK [1][-]{section.1.1}{\376\377\000R\000e\000l\000e\000v\000a\000n\000c\000e\000\040\000o\000f\000\040\000t\000h\000e\000\040\000T\000o\000p\000i\000c}{chapter.1}% 5
\BOOKMARK [1][-]{section.1.2}{\376\377\000P\000r\000o\000b\000l\000e\000m\000\040\000S\000t\000a\000t\000e\000m\000e\000n\000t}{chapter.1}% 6
\BOOKMARK [1][-]{section.1.3}{\376\377\000P\000u\000r\000p\000o\000s\000e\000\040\000a\000n\000d\000\040\000R\000e\000s\000e\000a\000r\000c\000h\000\040\000Q\000u\000e\000s\000t\000i\000o\000n}{chapter.1}% 7
\BOOKMARK [1][-]{section.1.4}{\376\377\000O\000b\000j\000e\000c\000t\000i\000v\000e\000s}{chapter.1}% 8
\BOOKMARK [1][-]{section.1.5}{\376\377\000O\000b\000j\000e\000c\000t\000\040\000a\000n\000d\000\040\000S\000u\000b\000j\000e\000c\000t\000\040\000o\000f\000\040\000R\000e\000s\000e\000a\000r\000c\000h}{chapter.1}% 9
\BOOKMARK [1][-]{section.1.6}{\376\377\000S\000c\000i\000e\000n\000t\000i\000f\000i\000c\000\040\000N\000o\000v\000e\000l\000t\000y}{chapter.1}% 10
\BOOKMARK [1][-]{section.1.7}{\376\377\000P\000r\000a\000c\000t\000i\000c\000a\000l\000\040\000S\000i\000g\000n\000i\000f\000i\000c\000a\000n\000c\000e}{chapter.1}% 11
\BOOKMARK [1][-]{section.1.8}{\376\377\000S\000t\000r\000u\000c\000t\000u\000r\000e\000\040\000o\000f\000\040\000t\000h\000e\000\040\000T\000h\000e\000s\000i\000s}{chapter.1}% 12
\BOOKMARK [0][-]{chapter.2}{\376\377\000L\000i\000t\000e\000r\000a\000t\000u\000r\000e\000\040\000R\000e\000v\000i\000e\000w}{}% 13
\BOOKMARK [1][-]{section.2.1}{\376\377\000L\000L\000M\000-\000a\000s\000-\000a\000-\000J\000u\000d\000g\000e\000\040\000E\000v\000a\000l\000u\000a\000t\000i\000o\000n}{chapter.2}% 14
\BOOKMARK [1][-]{section.2.2}{\376\377\000R\000e\000t\000r\000i\000e\000v\000a\000l\000-\000A\000u\000g\000m\000e\000n\000t\000e\000d\000\040\000a\000n\000d\000\040\000M\000e\000m\000o\000r\000y\000-\000A\000u\000g\000m\000e\000n\000t\000e\000d\000\040\000S\000y\000s\000t\000e\000m\000s}{chapter.2}% 15
\BOOKMARK [1][-]{section.2.3}{\376\377\000M\000o\000n\000t\000e\000\040\000C\000a\000r\000l\000o\000\040\000T\000r\000e\000e\000\040\000S\000e\000a\000r\000c\000h\000\040\000a\000n\000d\000\040\000T\000e\000s\000t\000-\000T\000i\000m\000e\000\040\000R\000e\000a\000s\000o\000n\000i\000n\000g}{chapter.2}% 16
\BOOKMARK [1][-]{section.2.4}{\376\377\000E\000v\000a\000l\000u\000a\000t\000i\000o\000n\000\040\000V\000a\000l\000i\000d\000i\000t\000y\000,\000\040\000C\000o\000n\000t\000a\000m\000i\000n\000a\000t\000i\000o\000n\000,\000\040\000a\000n\000d\000\040\000L\000e\000a\000k\000a\000g\000e}{chapter.2}% 17
\BOOKMARK [1][-]{section.2.5}{\376\377\000S\000t\000a\000t\000i\000s\000t\000i\000c\000a\000l\000\040\000M\000e\000t\000h\000o\000d\000s\000\040\000f\000o\000r\000\040\000E\000v\000a\000l\000u\000a\000t\000i\000o\000n}{chapter.2}% 18
\BOOKMARK [1][-]{section.2.6}{\376\377\000S\000u\000m\000m\000a\000r\000y}{chapter.2}% 19
\BOOKMARK [0][-]{chapter.3}{\376\377\000M\000e\000t\000h\000o\000d\000o\000l\000o\000g\000y}{}% 20
\BOOKMARK [1][-]{section.3.1}{\376\377\000O\000v\000e\000r\000v\000i\000e\000w}{chapter.3}% 21
\BOOKMARK [1][-]{section.3.2}{\376\377\000S\000y\000s\000t\000e\000m\000\040\000A\000r\000c\000h\000i\000t\000e\000c\000t\000u\000r\000e}{chapter.3}% 22
\BOOKMARK [2][-]{subsection.3.2.1}{\376\377\000T\000h\000e\000\040\000T\000y\000p\000e\000d\000\040\000M\000e\000m\000o\000r\000y\000\040\000G\000r\000a\000p\000h}{section.3.2}% 23
\BOOKMARK [2][-]{subsection.3.2.2}{\376\377\000T\000h\000e\000\040\000M\000e\000m\000o\000r\000y\000-\000A\000s\000s\000i\000s\000t\000e\000d\000\040\000J\000u\000d\000g\000e}{section.3.2}% 24
\BOOKMARK [2][-]{subsection.3.2.3}{\376\377\000E\000x\000p\000l\000o\000r\000a\000t\000o\000r\000y\000\040\000M\000C\000T\000S\000\040\000C\000o\000m\000p\000o\000n\000e\000n\000t\000s}{section.3.2}% 25
\BOOKMARK [2][-]{subsection.3.2.4}{\376\377\000E\000v\000a\000l\000u\000a\000t\000i\000o\000n\000\040\000M\000o\000d\000e\000s}{section.3.2}% 26
\BOOKMARK [1][-]{section.3.3}{\376\377\000T\000h\000e\000\040\000L\000e\000a\000k\000a\000g\000e\000-\000F\000r\000e\000e\000\040\000E\000v\000a\000l\000u\000a\000t\000i\000o\000n\000\040\000P\000r\000o\000t\000o\000c\000o\000l}{chapter.3}% 27
\BOOKMARK [2][-]{subsection.3.3.1}{\376\377\000T\000h\000e\000\040\000L\000e\000a\000k\000a\000g\000e\000\040\000P\000r\000o\000b\000l\000e\000m}{section.3.3}% 28
\BOOKMARK [2][-]{subsection.3.3.2}{\376\377\000Q\000u\000e\000s\000t\000i\000o\000n\000-\000L\000e\000v\000e\000l\000\040\000P\000a\000r\000t\000i\000t\000i\000o\000n}{section.3.3}% 29
\BOOKMARK [2][-]{subsection.3.3.3}{\376\377\000F\000r\000o\000z\000e\000n\000\040\000M\000e\000m\000o\000r\000y\000\040\000D\000u\000r\000i\000n\000g\000\040\000E\000v\000a\000l\000u\000a\000t\000i\000o\000n}{section.3.3}% 30
\BOOKMARK [1][-]{section.3.4}{\376\377\000T\000h\000e\000\040\000F\000r\000o\000z\000e\000n\000-\000M\000e\000m\000o\000r\000y\000\040\000A\000u\000d\000i\000t}{chapter.3}% 31
\BOOKMARK [2][-]{subsection.3.4.1}{\376\377\000L\000a\000y\000e\000r\000\040\000O\000n\000e\000:\000\040\000S\000n\000a\000p\000s\000h\000o\000t\000\040\000a\000n\000d\000\040\000F\000i\000n\000g\000e\000r\000p\000r\000i\000n\000t}{section.3.4}% 32
\BOOKMARK [2][-]{subsection.3.4.2}{\376\377\000L\000a\000y\000e\000r\000\040\000T\000w\000o\000:\000\040\000R\000u\000n\000t\000i\000m\000e\000\040\000W\000r\000i\000t\000e\000-\000B\000l\000o\000c\000k\000i\000n\000g}{section.3.4}% 33
\BOOKMARK [2][-]{subsection.3.4.3}{\376\377\000V\000a\000l\000u\000e\000\040\000o\000f\000\040\000t\000h\000e\000\040\000A\000u\000d\000i\000t}{section.3.4}% 34
\BOOKMARK [1][-]{section.3.5}{\376\377\000M\000e\000m\000o\000r\000y\000\040\000C\000o\000n\000d\000i\000t\000i\000o\000n\000s}{chapter.3}% 35
\BOOKMARK [1][-]{section.3.6}{\376\377\000S\000t\000a\000t\000i\000s\000t\000i\000c\000a\000l\000\040\000M\000e\000t\000h\000o\000d\000o\000l\000o\000g\000y}{chapter.3}% 36
\BOOKMARK [1][-]{section.3.7}{\376\377\000L\000i\000m\000i\000t\000a\000t\000i\000o\000n\000s\000\040\000o\000f\000\040\000t\000h\000e\000\040\000M\000e\000t\000h\000o\000d\000o\000l\000o\000g\000y}{chapter.3}% 37
\BOOKMARK [1][-]{section.3.8}{\376\377\000E\000t\000h\000i\000c\000a\000l\000\040\000C\000o\000n\000s\000i\000d\000e\000r\000a\000t\000i\000o\000n\000s}{chapter.3}% 38
\BOOKMARK [0][-]{chapter.4}{\376\377\000I\000m\000p\000l\000e\000m\000e\000n\000t\000a\000t\000i\000o\000n}{}% 39
\BOOKMARK [1][-]{section.4.1}{\376\377\000C\000o\000d\000e\000b\000a\000s\000e}{chapter.4}% 40
\BOOKMARK [1][-]{section.4.2}{\376\377\000B\000u\000i\000l\000d\000i\000n\000g\000\040\000t\000h\000e\000\040\000M\000e\000m\000o\000r\000y\000\040\000G\000r\000a\000p\000h}{chapter.4}% 41
\BOOKMARK [1][-]{section.4.3}{\376\377\000S\000t\000r\000u\000c\000t\000u\000r\000e\000d\000\040\000O\000u\000t\000p\000u\000t\000s}{chapter.4}% 42
\BOOKMARK [1][-]{section.4.4}{\376\377\000H\000a\000n\000d\000l\000i\000n\000g\000\040\000T\000r\000a\000n\000s\000i\000e\000n\000t\000\040\000F\000a\000i\000l\000u\000r\000e\000s}{chapter.4}% 43
\BOOKMARK [1][-]{section.4.5}{\376\377\000R\000e\000p\000r\000o\000d\000u\000c\000t\000i\000o\000n\000\040\000P\000i\000p\000e\000l\000i\000n\000e}{chapter.4}% 44
\BOOKMARK [0][-]{chapter.5}{\376\377\000E\000v\000a\000l\000u\000a\000t\000i\000o\000n\000\040\000a\000n\000d\000\040\000D\000i\000s\000c\000u\000s\000s\000i\000o\000n}{}% 45
\BOOKMARK [1][-]{section.5.1}{\376\377\000D\000a\000t\000a\000s\000e\000t}{chapter.5}% 46
\BOOKMARK [1][-]{section.5.2}{\376\377\000E\000x\000p\000e\000r\000i\000m\000e\000n\000t\000a\000l\000\040\000S\000e\000t\000u\000p}{chapter.5}% 47
\BOOKMARK [1][-]{section.5.3}{\376\377\000W\000h\000e\000n\000\040\000M\000e\000m\000o\000r\000y\000\040\000A\000p\000p\000e\000a\000r\000s\000\040\000t\000o\000\040\000H\000e\000l\000p\000:\000\040\000T\000h\000e\000\040\000C\000o\000n\000v\000e\000n\000t\000i\000o\000n\000a\000l\000\040\000P\000r\000o\000t\000o\000c\000o\000l}{chapter.5}% 48
\BOOKMARK [1][-]{section.5.4}{\376\377\000W\000h\000e\000n\000\040\000M\000e\000m\000o\000r\000y\000\040\000F\000a\000i\000l\000s\000\040\000t\000o\000\040\000H\000e\000l\000p\000:\000\040\000T\000h\000e\000\040\000L\000e\000a\000k\000a\000g\000e\000-\000F\000r\000e\000e\000\040\000R\000e\000s\000u\000l\000t\000s}{chapter.5}% 49
\BOOKMARK [2][-]{subsection.5.4.1}{\376\377\000C\000l\000e\000a\000n\000-\000M\000e\000m\000o\000r\000y\000\040\000C\000o\000m\000p\000a\000r\000i\000s\000o\000n}{section.5.4}% 50
\BOOKMARK [2][-]{subsection.5.4.2}{\376\377\000S\000e\000l\000f\000-\000W\000r\000i\000t\000t\000e\000n\000\040\000v\000e\000r\000s\000u\000s\000\040\000O\000r\000a\000c\000l\000e\000\040\000M\000e\000m\000o\000r\000y}{section.5.4}% 51
\BOOKMARK [2][-]{subsection.5.4.3}{\376\377\000S\000t\000r\000u\000c\000t\000u\000r\000e\000\040\000A\000b\000l\000a\000t\000i\000o\000n}{section.5.4}% 52
\BOOKMARK [2][-]{subsection.5.4.4}{\376\377\000C\000r\000o\000s\000s\000-\000S\000e\000e\000d\000\040\000S\000t\000a\000b\000i\000l\000i\000t\000y}{section.5.4}% 53
\BOOKMARK [1][-]{section.5.5}{\376\377\000W\000h\000e\000n\000\040\000M\000e\000m\000o\000r\000y\000\040\000A\000p\000p\000e\000a\000r\000s\000\040\000t\000o\000\040\000C\000o\000r\000r\000u\000p\000t\000:\000\040\000P\000o\000i\000s\000o\000n\000i\000n\000g\000\040\000a\000n\000d\000\040\000t\000h\000e\000\040\000A\000r\000t\000i\000f\000a\000c\000t}{chapter.5}% 54
\BOOKMARK [1][-]{section.5.6}{\376\377\000R\000e\000l\000i\000a\000b\000i\000l\000i\000t\000y\000\040\000H\000a\000r\000n\000e\000s\000s}{chapter.5}% 55
\BOOKMARK [1][-]{section.5.7}{\376\377\000D\000i\000s\000c\000u\000s\000s\000i\000o\000n\000:\000\040\000W\000h\000y\000\040\000M\000e\000m\000o\000r\000y\000\040\000N\000e\000i\000t\000h\000e\000r\000\040\000H\000e\000l\000p\000e\000d\000\040\000n\000o\000r\000\040\000H\000a\000r\000m\000e\000d}{chapter.5}% 56
\BOOKMARK [1][-]{section.5.8}{\376\377\000C\000o\000s\000t\000\040\000o\000f\000\040\000t\000h\000e\000\040\000M\000C\000T\000S\000\040\000M\000o\000d\000e\000s}{chapter.5}% 57
\BOOKMARK [1][-]{section.5.9}{\376\377\000T\000h\000r\000e\000a\000t\000s\000\040\000t\000o\000\040\000V\000a\000l\000i\000d\000i\000t\000y}{chapter.5}% 58
\BOOKMARK [0][-]{chapter.6}{\376\377\000C\000o\000n\000c\000l\000u\000s\000i\000o\000n}{}% 59
\BOOKMARK [1][-]{section.6.1}{\376\377\000S\000u\000m\000m\000a\000r\000y\000\040\000o\000f\000\040\000t\000h\000e\000\040\000W\000o\000r\000k}{chapter.6}% 60
\BOOKMARK [1][-]{section.6.2}{\376\377\000A\000n\000s\000w\000e\000r\000\040\000t\000o\000\040\000t\000h\000e\000\040\000R\000e\000s\000e\000a\000r\000c\000h\000\040\000Q\000u\000e\000s\000t\000i\000o\000n}{chapter.6}% 61
\BOOKMARK [1][-]{section.6.3}{\376\377\000C\000o\000n\000t\000r\000i\000b\000u\000t\000i\000o\000n\000s}{chapter.6}% 62
\BOOKMARK [1][-]{section.6.4}{\376\377\000F\000u\000t\000u\000r\000e\000\040\000W\000o\000r\000k}{chapter.6}% 63
\BOOKMARK [1][-]{section.6.5}{\376\377\000C\000o\000n\000c\000l\000u\000d\000i\000n\000g\000\040\000R\000e\000m\000a\000r\000k}{chapter.6}% 64
\BOOKMARK [0][-]{chapter*.9}{\376\377\000R\000e\000f\000e\000r\000e\000n\000c\000e\000s}{}% 65
\BOOKMARK [0][-]{appendix.A}{\376\377\000F\000r\000o\000z\000e\000n\000-\000M\000e\000m\000o\000r\000y\000\040\000A\000u\000d\000i\000t\000\040\000R\000e\000c\000o\000r\000d\000\040\000F\000o\000r\000m\000a\000t}{}% 66
\BOOKMARK [0][-]{appendix.B}{\376\377\000E\000v\000a\000l\000u\000a\000t\000i\000o\000n\000\040\000M\000o\000d\000e\000s\000\040\000a\000n\000d\000\040\000M\000e\000m\000o\000r\000y\000\040\000C\000o\000n\000d\000i\000t\000i\000o\000n\000s}{}% 67
\BOOKMARK [0][-]{appendix.C}{\376\377\000F\000u\000l\000l\000\040\000P\000e\000r\000-\000M\000o\000d\000e\000\040\000R\000e\000s\000u\000l\000t\000s}{}% 68
\BOOKMARK [0][-]{appendix.D}{\376\377\000R\000e\000p\000r\000o\000d\000u\000c\000t\000i\000o\000n}{}% 69
